---
# Source: ld-relay/templates/serviceaccount.yaml
apiVersion: v1
kind: ServiceAccount
metadata:
  name: ld-relay-test
  labels:
    app.kubernetes.io/name: ld-relay
    app.kubernetes.io/instance: ld-relay-test
    app.kubernetes.io/version: "6.7.12"
    app.kubernetes.io/managed-by: Helm